Kafka semble être en cours d'exécution sur le port 9092.
Compilation du projet...
[info] welcome to sbt 1.11.2 (Homebrew Java 17.0.15)
[info] loading settings for project exam_stream-build from plugins.sbt...
[info] loading project definition from /Users/evan/Desktop/COURS/4IABD2/spark-streaming/exam_stream/exam_stream/project
[info] loading settings for project root from build.sbt, plugins.sbt...
[info] set current project to smart-meter-streaming (in build file:/Users/evan/Desktop/COURS/4IABD2/spark-streaming/exam_stream/exam_stream/)
[info] Executing in batch mode. For better performance use sbt's shell
[success] Total time: 2 s, completed 11 juil. 2025, 11:31:57
Exécution du producteur Kafka avec Spark...
:: loading settings :: url = jar:file:/Users/evan/opt/spark-3.3.2/jars/ivy-2.5.1.jar!/org/apache/ivy/core/settings/ivysettings.xml
Ivy Default Cache set to: /Users/evan/.ivy2/cache
The jars for the packages stored in: /Users/evan/.ivy2/jars
org.apache.spark#spark-sql-kafka-0-10_2.12 added as a dependency
org.apache.kafka#kafka-clients added as a dependency
:: resolving dependencies :: org.apache.spark#spark-submit-parent-71b7224e-d8b5-4991-bc9a-04f1fb70e3c4;1.0
	confs: [default]
	found org.apache.spark#spark-sql-kafka-0-10_2.12;3.3.2 in central
	found org.apache.spark#spark-token-provider-kafka-0-10_2.12;3.3.2 in central
	found org.apache.hadoop#hadoop-client-runtime;3.3.2 in central
	found org.spark-project.spark#unused;1.0.0 in central
	found org.apache.hadoop#hadoop-client-api;3.3.2 in central
	found org.xerial.snappy#snappy-java;1.1.8.4 in central
	found org.slf4j#slf4j-api;1.7.32 in central
	found commons-logging#commons-logging;1.1.3 in central
	found com.google.code.findbugs#jsr305;3.0.0 in central
	found org.apache.commons#commons-pool2;2.11.1 in central
	found org.apache.kafka#kafka-clients;3.3.1 in central
	found com.github.luben#zstd-jni;1.5.2-1 in central
	found org.lz4#lz4-java;1.8.0 in central
	found org.slf4j#slf4j-api;1.7.36 in local-m2-cache
:: resolution report :: resolve 328ms :: artifacts dl 7ms
	:: modules in use:
	com.github.luben#zstd-jni;1.5.2-1 from central in [default]
	com.google.code.findbugs#jsr305;3.0.0 from central in [default]
	commons-logging#commons-logging;1.1.3 from central in [default]
	org.apache.commons#commons-pool2;2.11.1 from central in [default]
	org.apache.hadoop#hadoop-client-api;3.3.2 from central in [default]
	org.apache.hadoop#hadoop-client-runtime;3.3.2 from central in [default]
	org.apache.kafka#kafka-clients;3.3.1 from central in [default]
	org.apache.spark#spark-sql-kafka-0-10_2.12;3.3.2 from central in [default]
	org.apache.spark#spark-token-provider-kafka-0-10_2.12;3.3.2 from central in [default]
	org.lz4#lz4-java;1.8.0 from central in [default]
	org.slf4j#slf4j-api;1.7.36 from local-m2-cache in [default]
	org.spark-project.spark#unused;1.0.0 from central in [default]
	org.xerial.snappy#snappy-java;1.1.8.4 from central in [default]
	:: evicted modules:
	org.apache.kafka#kafka-clients;2.8.1 by [org.apache.kafka#kafka-clients;3.3.1] in [default]
	org.slf4j#slf4j-api;1.7.32 by [org.slf4j#slf4j-api;1.7.36] in [default]
	---------------------------------------------------------------------
	|                  |            modules            ||   artifacts   |
	|       conf       | number| search|dwnlded|evicted|| number|dwnlded|
	---------------------------------------------------------------------
	|      default     |   15  |   0   |   0   |   2   ||   13  |   0   |
	---------------------------------------------------------------------
:: retrieving :: org.apache.spark#spark-submit-parent-71b7224e-d8b5-4991-bc9a-04f1fb70e3c4
	confs: [default]
	0 artifacts copied, 13 already retrieved (0kB/4ms)
25/07/11 11:31:59 WARN NativeCodeLoader: Unable to load native-hadoop library for your platform... using builtin-java classes where applicable
25/07/11 11:31:59 INFO SparkContext: Running Spark version 3.3.2
25/07/11 11:31:59 INFO ResourceUtils: ==============================================================
25/07/11 11:31:59 INFO ResourceUtils: No custom resources configured for spark.driver.
25/07/11 11:31:59 INFO ResourceUtils: ==============================================================
25/07/11 11:31:59 INFO SparkContext: Submitted application: SmartMeterKafkaProducer
25/07/11 11:31:59 INFO ResourceProfile: Default ResourceProfile created, executor resources: Map(cores -> name: cores, amount: 1, script: , vendor: , memory -> name: memory, amount: 1024, script: , vendor: , offHeap -> name: offHeap, amount: 0, script: , vendor: ), task resources: Map(cpus -> name: cpus, amount: 1.0)
25/07/11 11:31:59 INFO ResourceProfile: Limiting resource is cpu
25/07/11 11:31:59 INFO ResourceProfileManager: Added ResourceProfile id: 0
25/07/11 11:31:59 INFO SecurityManager: Changing view acls to: evan
25/07/11 11:31:59 INFO SecurityManager: Changing modify acls to: evan
25/07/11 11:31:59 INFO SecurityManager: Changing view acls groups to: 
25/07/11 11:31:59 INFO SecurityManager: Changing modify acls groups to: 
25/07/11 11:31:59 INFO SecurityManager: SecurityManager: authentication disabled; ui acls disabled; users  with view permissions: Set(evan); groups with view permissions: Set(); users  with modify permissions: Set(evan); groups with modify permissions: Set()
25/07/11 11:32:00 INFO Utils: Successfully started service 'sparkDriver' on port 55443.
25/07/11 11:32:00 INFO SparkEnv: Registering MapOutputTracker
25/07/11 11:32:00 INFO SparkEnv: Registering BlockManagerMaster
25/07/11 11:32:00 INFO BlockManagerMasterEndpoint: Using org.apache.spark.storage.DefaultTopologyMapper for getting topology information
25/07/11 11:32:00 INFO BlockManagerMasterEndpoint: BlockManagerMasterEndpoint up
25/07/11 11:32:00 INFO SparkEnv: Registering BlockManagerMasterHeartbeat
25/07/11 11:32:00 INFO DiskBlockManager: Created local directory at /private/var/folders/qp/y8k46p7j4zx1vs63v2zcp3jh0000gn/T/blockmgr-5ead26eb-9540-4073-a07e-952f988dc72c
25/07/11 11:32:00 INFO MemoryStore: MemoryStore started with capacity 434.4 MiB
25/07/11 11:32:00 INFO SparkEnv: Registering OutputCommitCoordinator
25/07/11 11:32:00 WARN Utils: Service 'SparkUI' could not bind on port 4040. Attempting port 4041.
25/07/11 11:32:00 INFO Utils: Successfully started service 'SparkUI' on port 4041.
25/07/11 11:32:00 INFO SparkContext: Added JAR file:///Users/evan/.ivy2/jars/org.apache.spark_spark-sql-kafka-0-10_2.12-3.3.2.jar at spark://air-de-greven.lan:55443/jars/org.apache.spark_spark-sql-kafka-0-10_2.12-3.3.2.jar with timestamp 1752226319494
25/07/11 11:32:00 INFO SparkContext: Added JAR file:///Users/evan/.ivy2/jars/org.apache.kafka_kafka-clients-3.3.1.jar at spark://air-de-greven.lan:55443/jars/org.apache.kafka_kafka-clients-3.3.1.jar with timestamp 1752226319494
25/07/11 11:32:00 INFO SparkContext: Added JAR file:///Users/evan/.ivy2/jars/org.apache.spark_spark-token-provider-kafka-0-10_2.12-3.3.2.jar at spark://air-de-greven.lan:55443/jars/org.apache.spark_spark-token-provider-kafka-0-10_2.12-3.3.2.jar with timestamp 1752226319494
25/07/11 11:32:00 INFO SparkContext: Added JAR file:///Users/evan/.ivy2/jars/com.google.code.findbugs_jsr305-3.0.0.jar at spark://air-de-greven.lan:55443/jars/com.google.code.findbugs_jsr305-3.0.0.jar with timestamp 1752226319494
25/07/11 11:32:00 INFO SparkContext: Added JAR file:///Users/evan/.ivy2/jars/org.apache.commons_commons-pool2-2.11.1.jar at spark://air-de-greven.lan:55443/jars/org.apache.commons_commons-pool2-2.11.1.jar with timestamp 1752226319494
25/07/11 11:32:00 INFO SparkContext: Added JAR file:///Users/evan/.ivy2/jars/org.spark-project.spark_unused-1.0.0.jar at spark://air-de-greven.lan:55443/jars/org.spark-project.spark_unused-1.0.0.jar with timestamp 1752226319494
25/07/11 11:32:00 INFO SparkContext: Added JAR file:///Users/evan/.ivy2/jars/org.apache.hadoop_hadoop-client-runtime-3.3.2.jar at spark://air-de-greven.lan:55443/jars/org.apache.hadoop_hadoop-client-runtime-3.3.2.jar with timestamp 1752226319494
25/07/11 11:32:00 INFO SparkContext: Added JAR file:///Users/evan/.ivy2/jars/org.apache.hadoop_hadoop-client-api-3.3.2.jar at spark://air-de-greven.lan:55443/jars/org.apache.hadoop_hadoop-client-api-3.3.2.jar with timestamp 1752226319494
25/07/11 11:32:00 INFO SparkContext: Added JAR file:///Users/evan/.ivy2/jars/org.xerial.snappy_snappy-java-1.1.8.4.jar at spark://air-de-greven.lan:55443/jars/org.xerial.snappy_snappy-java-1.1.8.4.jar with timestamp 1752226319494
25/07/11 11:32:00 INFO SparkContext: Added JAR file:///Users/evan/.ivy2/jars/commons-logging_commons-logging-1.1.3.jar at spark://air-de-greven.lan:55443/jars/commons-logging_commons-logging-1.1.3.jar with timestamp 1752226319494
25/07/11 11:32:00 INFO SparkContext: Added JAR file:///Users/evan/.ivy2/jars/com.github.luben_zstd-jni-1.5.2-1.jar at spark://air-de-greven.lan:55443/jars/com.github.luben_zstd-jni-1.5.2-1.jar with timestamp 1752226319494
25/07/11 11:32:00 INFO SparkContext: Added JAR file:///Users/evan/.ivy2/jars/org.lz4_lz4-java-1.8.0.jar at spark://air-de-greven.lan:55443/jars/org.lz4_lz4-java-1.8.0.jar with timestamp 1752226319494
25/07/11 11:32:00 INFO SparkContext: Added JAR file:///Users/evan/.ivy2/jars/org.slf4j_slf4j-api-1.7.36.jar at spark://air-de-greven.lan:55443/jars/org.slf4j_slf4j-api-1.7.36.jar with timestamp 1752226319494
25/07/11 11:32:00 INFO SparkContext: Added JAR file:/Users/evan/Desktop/COURS/4IABD2/spark-streaming/exam_stream/exam_stream/target/scala-2.12/smart-meter-streaming-assembly-0.1.0-SNAPSHOT.jar at spark://air-de-greven.lan:55443/jars/smart-meter-streaming-assembly-0.1.0-SNAPSHOT.jar with timestamp 1752226319494
25/07/11 11:32:00 INFO Executor: Starting executor ID driver on host air-de-greven.lan
25/07/11 11:32:00 INFO Executor: Starting executor with user classpath (userClassPathFirst = false): ''
25/07/11 11:32:00 INFO Executor: Fetching spark://air-de-greven.lan:55443/jars/org.lz4_lz4-java-1.8.0.jar with timestamp 1752226319494
25/07/11 11:32:00 INFO TransportClientFactory: Successfully created connection to air-de-greven.lan/192.168.1.158:55443 after 13 ms (0 ms spent in bootstraps)
25/07/11 11:32:00 INFO Utils: Fetching spark://air-de-greven.lan:55443/jars/org.lz4_lz4-java-1.8.0.jar to /private/var/folders/qp/y8k46p7j4zx1vs63v2zcp3jh0000gn/T/spark-9c19faf4-04d2-4279-b914-eaf716cb0986/userFiles-da40c9d9-e6e5-445e-b96c-9c7b089a1320/fetchFileTemp15038886167029764119.tmp
25/07/11 11:32:00 INFO Executor: Adding file:/private/var/folders/qp/y8k46p7j4zx1vs63v2zcp3jh0000gn/T/spark-9c19faf4-04d2-4279-b914-eaf716cb0986/userFiles-da40c9d9-e6e5-445e-b96c-9c7b089a1320/org.lz4_lz4-java-1.8.0.jar to class loader
25/07/11 11:32:00 INFO Executor: Fetching spark://air-de-greven.lan:55443/jars/org.apache.hadoop_hadoop-client-runtime-3.3.2.jar with timestamp 1752226319494
25/07/11 11:32:00 INFO Utils: Fetching spark://air-de-greven.lan:55443/jars/org.apache.hadoop_hadoop-client-runtime-3.3.2.jar to /private/var/folders/qp/y8k46p7j4zx1vs63v2zcp3jh0000gn/T/spark-9c19faf4-04d2-4279-b914-eaf716cb0986/userFiles-da40c9d9-e6e5-445e-b96c-9c7b089a1320/fetchFileTemp15736774688738741831.tmp
25/07/11 11:32:00 INFO Executor: Adding file:/private/var/folders/qp/y8k46p7j4zx1vs63v2zcp3jh0000gn/T/spark-9c19faf4-04d2-4279-b914-eaf716cb0986/userFiles-da40c9d9-e6e5-445e-b96c-9c7b089a1320/org.apache.hadoop_hadoop-client-runtime-3.3.2.jar to class loader
25/07/11 11:32:00 INFO Executor: Fetching spark://air-de-greven.lan:55443/jars/org.apache.commons_commons-pool2-2.11.1.jar with timestamp 1752226319494
25/07/11 11:32:00 INFO Utils: Fetching spark://air-de-greven.lan:55443/jars/org.apache.commons_commons-pool2-2.11.1.jar to /private/var/folders/qp/y8k46p7j4zx1vs63v2zcp3jh0000gn/T/spark-9c19faf4-04d2-4279-b914-eaf716cb0986/userFiles-da40c9d9-e6e5-445e-b96c-9c7b089a1320/fetchFileTemp1940645270160072603.tmp
25/07/11 11:32:00 INFO Executor: Adding file:/private/var/folders/qp/y8k46p7j4zx1vs63v2zcp3jh0000gn/T/spark-9c19faf4-04d2-4279-b914-eaf716cb0986/userFiles-da40c9d9-e6e5-445e-b96c-9c7b089a1320/org.apache.commons_commons-pool2-2.11.1.jar to class loader
25/07/11 11:32:00 INFO Executor: Fetching spark://air-de-greven.lan:55443/jars/com.google.code.findbugs_jsr305-3.0.0.jar with timestamp 1752226319494
25/07/11 11:32:00 INFO Utils: Fetching spark://air-de-greven.lan:55443/jars/com.google.code.findbugs_jsr305-3.0.0.jar to /private/var/folders/qp/y8k46p7j4zx1vs63v2zcp3jh0000gn/T/spark-9c19faf4-04d2-4279-b914-eaf716cb0986/userFiles-da40c9d9-e6e5-445e-b96c-9c7b089a1320/fetchFileTemp3760881881170747306.tmp
25/07/11 11:32:00 INFO Executor: Adding file:/private/var/folders/qp/y8k46p7j4zx1vs63v2zcp3jh0000gn/T/spark-9c19faf4-04d2-4279-b914-eaf716cb0986/userFiles-da40c9d9-e6e5-445e-b96c-9c7b089a1320/com.google.code.findbugs_jsr305-3.0.0.jar to class loader
25/07/11 11:32:00 INFO Executor: Fetching spark://air-de-greven.lan:55443/jars/org.apache.hadoop_hadoop-client-api-3.3.2.jar with timestamp 1752226319494
25/07/11 11:32:00 INFO Utils: Fetching spark://air-de-greven.lan:55443/jars/org.apache.hadoop_hadoop-client-api-3.3.2.jar to /private/var/folders/qp/y8k46p7j4zx1vs63v2zcp3jh0000gn/T/spark-9c19faf4-04d2-4279-b914-eaf716cb0986/userFiles-da40c9d9-e6e5-445e-b96c-9c7b089a1320/fetchFileTemp11233288373685685320.tmp
25/07/11 11:32:00 INFO Executor: Adding file:/private/var/folders/qp/y8k46p7j4zx1vs63v2zcp3jh0000gn/T/spark-9c19faf4-04d2-4279-b914-eaf716cb0986/userFiles-da40c9d9-e6e5-445e-b96c-9c7b089a1320/org.apache.hadoop_hadoop-client-api-3.3.2.jar to class loader
25/07/11 11:32:00 INFO Executor: Fetching spark://air-de-greven.lan:55443/jars/org.slf4j_slf4j-api-1.7.36.jar with timestamp 1752226319494
25/07/11 11:32:00 INFO Utils: Fetching spark://air-de-greven.lan:55443/jars/org.slf4j_slf4j-api-1.7.36.jar to /private/var/folders/qp/y8k46p7j4zx1vs63v2zcp3jh0000gn/T/spark-9c19faf4-04d2-4279-b914-eaf716cb0986/userFiles-da40c9d9-e6e5-445e-b96c-9c7b089a1320/fetchFileTemp3784156478668528922.tmp
25/07/11 11:32:00 INFO Executor: Adding file:/private/var/folders/qp/y8k46p7j4zx1vs63v2zcp3jh0000gn/T/spark-9c19faf4-04d2-4279-b914-eaf716cb0986/userFiles-da40c9d9-e6e5-445e-b96c-9c7b089a1320/org.slf4j_slf4j-api-1.7.36.jar to class loader
25/07/11 11:32:00 INFO Executor: Fetching spark://air-de-greven.lan:55443/jars/org.apache.kafka_kafka-clients-3.3.1.jar with timestamp 1752226319494
25/07/11 11:32:00 INFO Utils: Fetching spark://air-de-greven.lan:55443/jars/org.apache.kafka_kafka-clients-3.3.1.jar to /private/var/folders/qp/y8k46p7j4zx1vs63v2zcp3jh0000gn/T/spark-9c19faf4-04d2-4279-b914-eaf716cb0986/userFiles-da40c9d9-e6e5-445e-b96c-9c7b089a1320/fetchFileTemp6244612738781804898.tmp
25/07/11 11:32:00 INFO Executor: Adding file:/private/var/folders/qp/y8k46p7j4zx1vs63v2zcp3jh0000gn/T/spark-9c19faf4-04d2-4279-b914-eaf716cb0986/userFiles-da40c9d9-e6e5-445e-b96c-9c7b089a1320/org.apache.kafka_kafka-clients-3.3.1.jar to class loader
25/07/11 11:32:00 INFO Executor: Fetching spark://air-de-greven.lan:55443/jars/org.xerial.snappy_snappy-java-1.1.8.4.jar with timestamp 1752226319494
25/07/11 11:32:00 INFO Utils: Fetching spark://air-de-greven.lan:55443/jars/org.xerial.snappy_snappy-java-1.1.8.4.jar to /private/var/folders/qp/y8k46p7j4zx1vs63v2zcp3jh0000gn/T/spark-9c19faf4-04d2-4279-b914-eaf716cb0986/userFiles-da40c9d9-e6e5-445e-b96c-9c7b089a1320/fetchFileTemp13261722535826818103.tmp
25/07/11 11:32:00 INFO Executor: Adding file:/private/var/folders/qp/y8k46p7j4zx1vs63v2zcp3jh0000gn/T/spark-9c19faf4-04d2-4279-b914-eaf716cb0986/userFiles-da40c9d9-e6e5-445e-b96c-9c7b089a1320/org.xerial.snappy_snappy-java-1.1.8.4.jar to class loader
25/07/11 11:32:00 INFO Executor: Fetching spark://air-de-greven.lan:55443/jars/org.apache.spark_spark-sql-kafka-0-10_2.12-3.3.2.jar with timestamp 1752226319494
25/07/11 11:32:00 INFO Utils: Fetching spark://air-de-greven.lan:55443/jars/org.apache.spark_spark-sql-kafka-0-10_2.12-3.3.2.jar to /private/var/folders/qp/y8k46p7j4zx1vs63v2zcp3jh0000gn/T/spark-9c19faf4-04d2-4279-b914-eaf716cb0986/userFiles-da40c9d9-e6e5-445e-b96c-9c7b089a1320/fetchFileTemp4071658128598816395.tmp
25/07/11 11:32:00 INFO Executor: Adding file:/private/var/folders/qp/y8k46p7j4zx1vs63v2zcp3jh0000gn/T/spark-9c19faf4-04d2-4279-b914-eaf716cb0986/userFiles-da40c9d9-e6e5-445e-b96c-9c7b089a1320/org.apache.spark_spark-sql-kafka-0-10_2.12-3.3.2.jar to class loader
25/07/11 11:32:00 INFO Executor: Fetching spark://air-de-greven.lan:55443/jars/org.apache.spark_spark-token-provider-kafka-0-10_2.12-3.3.2.jar with timestamp 1752226319494
25/07/11 11:32:00 INFO Utils: Fetching spark://air-de-greven.lan:55443/jars/org.apache.spark_spark-token-provider-kafka-0-10_2.12-3.3.2.jar to /private/var/folders/qp/y8k46p7j4zx1vs63v2zcp3jh0000gn/T/spark-9c19faf4-04d2-4279-b914-eaf716cb0986/userFiles-da40c9d9-e6e5-445e-b96c-9c7b089a1320/fetchFileTemp388489691764572352.tmp
25/07/11 11:32:00 INFO Executor: Adding file:/private/var/folders/qp/y8k46p7j4zx1vs63v2zcp3jh0000gn/T/spark-9c19faf4-04d2-4279-b914-eaf716cb0986/userFiles-da40c9d9-e6e5-445e-b96c-9c7b089a1320/org.apache.spark_spark-token-provider-kafka-0-10_2.12-3.3.2.jar to class loader
25/07/11 11:32:00 INFO Executor: Fetching spark://air-de-greven.lan:55443/jars/org.spark-project.spark_unused-1.0.0.jar with timestamp 1752226319494
25/07/11 11:32:00 INFO Utils: Fetching spark://air-de-greven.lan:55443/jars/org.spark-project.spark_unused-1.0.0.jar to /private/var/folders/qp/y8k46p7j4zx1vs63v2zcp3jh0000gn/T/spark-9c19faf4-04d2-4279-b914-eaf716cb0986/userFiles-da40c9d9-e6e5-445e-b96c-9c7b089a1320/fetchFileTemp1555626967021010546.tmp
25/07/11 11:32:00 INFO Executor: Adding file:/private/var/folders/qp/y8k46p7j4zx1vs63v2zcp3jh0000gn/T/spark-9c19faf4-04d2-4279-b914-eaf716cb0986/userFiles-da40c9d9-e6e5-445e-b96c-9c7b089a1320/org.spark-project.spark_unused-1.0.0.jar to class loader
25/07/11 11:32:00 INFO Executor: Fetching spark://air-de-greven.lan:55443/jars/commons-logging_commons-logging-1.1.3.jar with timestamp 1752226319494
25/07/11 11:32:00 INFO Utils: Fetching spark://air-de-greven.lan:55443/jars/commons-logging_commons-logging-1.1.3.jar to /private/var/folders/qp/y8k46p7j4zx1vs63v2zcp3jh0000gn/T/spark-9c19faf4-04d2-4279-b914-eaf716cb0986/userFiles-da40c9d9-e6e5-445e-b96c-9c7b089a1320/fetchFileTemp16529893482223953834.tmp
25/07/11 11:32:00 INFO Executor: Adding file:/private/var/folders/qp/y8k46p7j4zx1vs63v2zcp3jh0000gn/T/spark-9c19faf4-04d2-4279-b914-eaf716cb0986/userFiles-da40c9d9-e6e5-445e-b96c-9c7b089a1320/commons-logging_commons-logging-1.1.3.jar to class loader
25/07/11 11:32:00 INFO Executor: Fetching spark://air-de-greven.lan:55443/jars/com.github.luben_zstd-jni-1.5.2-1.jar with timestamp 1752226319494
25/07/11 11:32:00 INFO Utils: Fetching spark://air-de-greven.lan:55443/jars/com.github.luben_zstd-jni-1.5.2-1.jar to /private/var/folders/qp/y8k46p7j4zx1vs63v2zcp3jh0000gn/T/spark-9c19faf4-04d2-4279-b914-eaf716cb0986/userFiles-da40c9d9-e6e5-445e-b96c-9c7b089a1320/fetchFileTemp7175206713074475044.tmp
25/07/11 11:32:00 INFO Executor: Adding file:/private/var/folders/qp/y8k46p7j4zx1vs63v2zcp3jh0000gn/T/spark-9c19faf4-04d2-4279-b914-eaf716cb0986/userFiles-da40c9d9-e6e5-445e-b96c-9c7b089a1320/com.github.luben_zstd-jni-1.5.2-1.jar to class loader
25/07/11 11:32:00 INFO Executor: Fetching spark://air-de-greven.lan:55443/jars/smart-meter-streaming-assembly-0.1.0-SNAPSHOT.jar with timestamp 1752226319494
25/07/11 11:32:00 INFO Utils: Fetching spark://air-de-greven.lan:55443/jars/smart-meter-streaming-assembly-0.1.0-SNAPSHOT.jar to /private/var/folders/qp/y8k46p7j4zx1vs63v2zcp3jh0000gn/T/spark-9c19faf4-04d2-4279-b914-eaf716cb0986/userFiles-da40c9d9-e6e5-445e-b96c-9c7b089a1320/fetchFileTemp5916377575722138541.tmp
25/07/11 11:32:00 INFO Executor: Adding file:/private/var/folders/qp/y8k46p7j4zx1vs63v2zcp3jh0000gn/T/spark-9c19faf4-04d2-4279-b914-eaf716cb0986/userFiles-da40c9d9-e6e5-445e-b96c-9c7b089a1320/smart-meter-streaming-assembly-0.1.0-SNAPSHOT.jar to class loader
25/07/11 11:32:00 INFO Utils: Successfully started service 'org.apache.spark.network.netty.NettyBlockTransferService' on port 55446.
25/07/11 11:32:00 INFO NettyBlockTransferService: Server created on air-de-greven.lan:55446
25/07/11 11:32:00 INFO BlockManager: Using org.apache.spark.storage.RandomBlockReplicationPolicy for block replication policy
25/07/11 11:32:00 INFO BlockManagerMaster: Registering BlockManager BlockManagerId(driver, air-de-greven.lan, 55446, None)
25/07/11 11:32:00 INFO BlockManagerMasterEndpoint: Registering block manager air-de-greven.lan:55446 with 434.4 MiB RAM, BlockManagerId(driver, air-de-greven.lan, 55446, None)
25/07/11 11:32:00 INFO BlockManagerMaster: Registered BlockManager BlockManagerId(driver, air-de-greven.lan, 55446, None)
25/07/11 11:32:00 INFO BlockManager: Initialized BlockManager: BlockManagerId(driver, air-de-greven.lan, 55446, None)
Exception in thread "main" org.apache.spark.sql.AnalysisException: Path does not exist: data/halfourlydataset
	at org.apache.spark.sql.errors.QueryCompilationErrors$.dataPathNotExistError(QueryCompilationErrors.scala:1011)
	at org.apache.spark.sql.execution.datasources.DataSource.sourceSchema(DataSource.scala:251)
	at org.apache.spark.sql.execution.datasources.DataSource.sourceInfo$lzycompute(DataSource.scala:118)
	at org.apache.spark.sql.execution.datasources.DataSource.sourceInfo(DataSource.scala:118)
	at org.apache.spark.sql.execution.streaming.StreamingRelation$.apply(StreamingRelation.scala:34)
	at org.apache.spark.sql.streaming.DataStreamReader.loadInternal(DataStreamReader.scala:196)
	at org.apache.spark.sql.streaming.DataStreamReader.load(DataStreamReader.scala:210)
	at org.apache.spark.sql.streaming.DataStreamReader.csv(DataStreamReader.scala:258)
	at kafka.SmartMeterKafkaProducer$.start(SmartMeterKafkaProducer.scala:45)
	at kafka.SmartMeterKafkaProducer$.main(SmartMeterKafkaProducer.scala:95)
	at kafka.SmartMeterKafkaProducer.main(SmartMeterKafkaProducer.scala)
	at java.base/jdk.internal.reflect.NativeMethodAccessorImpl.invoke0(Native Method)
	at java.base/jdk.internal.reflect.NativeMethodAccessorImpl.invoke(NativeMethodAccessorImpl.java:77)
	at java.base/jdk.internal.reflect.DelegatingMethodAccessorImpl.invoke(DelegatingMethodAccessorImpl.java:43)
	at java.base/java.lang.reflect.Method.invoke(Method.java:569)
	at org.apache.spark.deploy.JavaMainApplication.start(SparkApplication.scala:52)
	at org.apache.spark.deploy.SparkSubmit.org$apache$spark$deploy$SparkSubmit$$runMain(SparkSubmit.scala:958)
	at org.apache.spark.deploy.SparkSubmit.doRunMain$1(SparkSubmit.scala:180)
	at org.apache.spark.deploy.SparkSubmit.submit(SparkSubmit.scala:203)
	at org.apache.spark.deploy.SparkSubmit.doSubmit(SparkSubmit.scala:90)
	at org.apache.spark.deploy.SparkSubmit$$anon$2.doSubmit(SparkSubmit.scala:1046)
	at org.apache.spark.deploy.SparkSubmit$.main(SparkSubmit.scala:1055)
	at org.apache.spark.deploy.SparkSubmit.main(SparkSubmit.scala)
